// Jest Snapshot v1, https://goo.gl/fbAQLP

exports[`Pruebas en <TodoList /> Debe de mostrar el componente correctamente 1`] = `
<TodoList
  handleDelete={[MockFunction]}
  handleToggle={[MockFunction]}
  todos={
    Array [
      Object {
        "description": "Hola Mundo",
        "done": true,
        "id": 1,
      },
      Object {
        "description": "Engel Reyes",
        "done": false,
        "id": 2,
      },
      Object {
        "description": "Hola Mundo",
        "done": true,
        "id": 3,
      },
    ]
  }
/>
`;
