// Jest Snapshot v1, https://goo.gl/fbAQLP

exports[`Pruebas a <TodoListItems/> debe de mostrar el componente correctamente 1`] = `
<TodoListItems
  handleDelete={[MockFunction]}
  handleToggle={[MockFunction]}
  index={1}
  todo={
    Object {
      "description": "Engel Reyes",
      "done": false,
      "id": 2,
    }
  }
/>
`;
